contact		PIN		1		0
contact		LEFPIN		2		0
contact		FILL		3		0
contact		FILLOPC		4		0
contact		VIA		5		0
contact		VIAFILL		6		0
contact		VIAFILLOPC		7		0
metal1		NET		8		0
metal1		SPNET		9		0
metal1		PIN		10		0
metal1		LEFPIN		11		0
metal1		FILL		12		0
metal1		FILLOPC		13		0
metal1		VIA		14		0
metal1		VIAFILL		15		0
metal1		VIAFILLOPC		16		0
metal1		LEFOBS		17		0
NAME		metal1/NET		18		0
NAME		metal1/SPNET		19		0
NAME		metal1/PIN		20		0
NAME		metal1/LEFPIN		21		0
via1		PIN		22		0
via1		LEFPIN		23		0
via1		FILL		24		0
via1		FILLOPC		25		0
via1		VIA		26		0
via1		VIAFILL		27		0
via1		VIAFILLOPC		28		0
metal2		NET		29		0
metal2		SPNET		30		0
metal2		PIN		31		0
metal2		LEFPIN		32		0
metal2		FILL		33		0
metal2		FILLOPC		34		0
metal2		VIA		35		0
metal2		VIAFILL		36		0
metal2		VIAFILLOPC		37		0
metal2		LEFOBS		38		0
NAME		metal2/NET		39		0
NAME		metal2/SPNET		40		0
NAME		metal2/PIN		41		0
NAME		metal2/LEFPIN		42		0
via2		PIN		43		0
via2		LEFPIN		44		0
via2		FILL		45		0
via2		FILLOPC		46		0
via2		VIA		47		0
via2		VIAFILL		48		0
via2		VIAFILLOPC		49		0
metal3		NET		50		0
metal3		SPNET		51		0
metal3		PIN		52		0
metal3		LEFPIN		53		0
metal3		FILL		54		0
metal3		FILLOPC		55		0
metal3		VIA		56		0
metal3		VIAFILL		57		0
metal3		VIAFILLOPC		58		0
metal3		LEFOBS		59		0
NAME		metal3/NET		60		0
NAME		metal3/SPNET		61		0
NAME		metal3/PIN		62		0
NAME		metal3/LEFPIN		63		0
via3		PIN		64		0
via3		LEFPIN		65		0
via3		FILL		66		0
via3		FILLOPC		67		0
via3		VIA		68		0
via3		VIAFILL		69		0
via3		VIAFILLOPC		70		0
metal4		NET		71		0
metal4		SPNET		72		0
metal4		PIN		73		0
metal4		LEFPIN		74		0
metal4		FILL		75		0
metal4		FILLOPC		76		0
metal4		VIA		77		0
metal4		VIAFILL		78		0
metal4		VIAFILLOPC		79		0
metal4		LEFOBS		80		0
NAME		metal4/NET		81		0
NAME		metal4/SPNET		82		0
NAME		metal4/PIN		83		0
NAME		metal4/LEFPIN		84		0
via4		PIN		85		0
via4		LEFPIN		86		0
via4		FILL		87		0
via4		FILLOPC		88		0
via4		VIA		89		0
via4		VIAFILL		90		0
via4		VIAFILLOPC		91		0
metal5		NET		92		0
metal5		SPNET		93		0
metal5		PIN		94		0
metal5		LEFPIN		95		0
metal5		FILL		96		0
metal5		FILLOPC		97		0
metal5		VIA		98		0
metal5		VIAFILL		99		0
metal5		VIAFILLOPC		100		0
metal5		LEFOBS		101		0
NAME		metal5/NET		102		0
NAME		metal5/SPNET		103		0
NAME		metal5/PIN		104		0
NAME		metal5/LEFPIN		105		0
via5		PIN		106		0
via5		LEFPIN		107		0
via5		FILL		108		0
via5		FILLOPC		109		0
via5		VIA		110		0
via5		VIAFILL		111		0
via5		VIAFILLOPC		112		0
metal6		NET		113		0
metal6		SPNET		114		0
metal6		PIN		115		0
metal6		LEFPIN		116		0
metal6		FILL		117		0
metal6		FILLOPC		118		0
metal6		VIA		119		0
metal6		VIAFILL		120		0
metal6		VIAFILLOPC		121		0
metal6		LEFOBS		122		0
NAME		metal6/NET		123		0
NAME		metal6/SPNET		124		0
NAME		metal6/PIN		125		0
NAME		metal6/LEFPIN		126		0
via6		PIN		127		0
via6		LEFPIN		128		0
via6		FILL		129		0
via6		FILLOPC		130		0
via6		VIA		131		0
via6		VIAFILL		132		0
via6		VIAFILLOPC		133		0
metal7		NET		134		0
metal7		SPNET		135		0
metal7		PIN		136		0
metal7		LEFPIN		137		0
metal7		FILL		138		0
metal7		FILLOPC		139		0
metal7		VIA		140		0
metal7		VIAFILL		141		0
metal7		VIAFILLOPC		142		0
metal7		LEFOBS		143		0
NAME		metal7/NET		144		0
NAME		metal7/SPNET		145		0
NAME		metal7/PIN		146		0
NAME		metal7/LEFPIN		147		0
via7		PIN		148		0
via7		LEFPIN		149		0
via7		FILL		150		0
via7		FILLOPC		151		0
via7		VIA		152		0
via7		VIAFILL		153		0
via7		VIAFILLOPC		154		0
metal8		NET		155		0
metal8		SPNET		156		0
metal8		PIN		157		0
metal8		LEFPIN		158		0
metal8		FILL		159		0
metal8		FILLOPC		160		0
metal8		VIA		161		0
metal8		VIAFILL		162		0
metal8		VIAFILLOPC		163		0
metal8		LEFOBS		164		0
NAME		metal8/NET		165		0
NAME		metal8/SPNET		166		0
NAME		metal8/PIN		167		0
NAME		metal8/LEFPIN		168		0
via8		PIN		169		0
via8		LEFPIN		170		0
via8		FILL		171		0
via8		FILLOPC		172		0
via8		VIA		173		0
via8		VIAFILL		174		0
via8		VIAFILLOPC		175		0
metal9		NET		176		0
metal9		SPNET		177		0
metal9		PIN		178		0
metal9		LEFPIN		179		0
metal9		FILL		180		0
metal9		FILLOPC		181		0
metal9		VIA		182		0
metal9		VIAFILL		183		0
metal9		VIAFILLOPC		184		0
metal9		LEFOBS		185		0
NAME		metal9/NET		186		0
NAME		metal9/SPNET		187		0
NAME		metal9/PIN		188		0
NAME		metal9/LEFPIN		189		0
via9		PIN		190		0
via9		LEFPIN		191		0
via9		FILL		192		0
via9		FILLOPC		193		0
via9		VIA		194		0
via9		VIAFILL		195		0
via9		VIAFILLOPC		196		0
metal10		NET		197		0
metal10		SPNET		198		0
metal10		PIN		199		0
metal10		LEFPIN		200		0
metal10		FILL		201		0
metal10		FILLOPC		202		0
metal10		VIA		203		0
metal10		VIAFILL		204		0
metal10		VIAFILLOPC		205		0
metal10		LEFOBS		206		0
NAME		metal10/NET		207		0
NAME		metal10/SPNET		208		0
NAME		metal10/PIN		209		0
NAME		metal10/LEFPIN		210		0
NAME		COMP		211		0
COMP		ALL		212		0
DIEAREA		ALL		213		0
